

======================================================================
               ENHANCED BATCH SYSTEM API TESTS
======================================================================


======================================================================
TEST: Database Schema Verification
======================================================================

[*] Checking for enhanced batch columns...
[+] All 7 enhanced columns found!

    Column Details:
    - allow_different_questions_per_batch      | boolean              | false
    - batch_assignments                        | jsonb                | '[]'::jsonb
    - exam_status                              | character varying    | 'published'::character varying
    - number_of_batches                        | integer              | 1
    - randomize_option_order                   | boolean              | false
    - randomize_question_order                 | boolean              | false
    - scheduled_publish_at                     | timestamp without time zone | None
======================================================================
TEST: Create Scheduled Exam with Enhanced Batch System
======================================================================

[*] Creating exam with enhanced features...
[+] Exam created successfully!

    Exam ID: exam_2095cec0
    Title: Enhanced Batch Test Exam
    Status: published
    Batches: 2
    Randomize Questions: True
    Randomize Options: True
    Allow Different Questions: False
    Scheduled Publish: 2026-02-07T18:20:25.031760

    Batch Details:
      - Batch 1: 2026-02-10 at 10:00
        Location: Room 101
        Supervisor: Supervisor One
        Users: 2
      - Batch 2: 2026-02-11 at 14:00
        Location: Room 202
        Supervisor: Supervisor Two
        Users: 2

======================================================================
TEST: Get Exams for User: user1@test.com
======================================================================

[*] Fetching exams for user1@test.com...
[+] Retrieved 1 exam(s)

    [!] Test exam not found (may be filtered by status/publish time)

======================================================================
TEST: Get Exams for User: user3@test.com
======================================================================

[*] Fetching exams for user3@test.com...
[+] Retrieved 1 exam(s)

    [!] Test exam not found (may be filtered by status/publish time)

======================================================================
TEST SUMMARY
======================================================================

[+] All tests completed!

Verify:
  1. Exam created with all enhanced fields
  2. Batch 1 users see Batch 1 details (date, time, location, supervisor)
  3. Batch 2 users see Batch 2 details (date, time, location, supervisor)
  4. Randomization flags stored correctly
  5. Draft/publish status working


